============================================================
?뱷 ?ㅼ씠踰?釉붾줈洹??먮룞 ?ъ뒪???쒖옉
============================================================

[1/5] 援ш? ?쒗듃?먯꽌 ?먭퀬 ?쎈뒗 以?..
  ??援ш? ?쒗듃 ?먭퀬 ?쎄린 ?꾨즺 (湲?먯닔: 1492??

[2/6] 釉붾줈洹??먭퀬 蹂닿컯 以?(GPT)...
  ??AI ?쒕ぉ ?앹꽦: [?밴렐?ъ뒪] ?뺤?吏??2二?9kg 媛먮웾 鍮꾨쾿, ?쒗궥 ?몃젅?대떇??紐⑤뱺 寃?
  ??AI 蹂몃Ц 蹂닿컯 ?꾨즺 (?ㅽ떚而??대え吏 異붽???

[2/5] ?щ＼ 釉뚮씪?곗? ?닿린 諛??ㅼ씠踰?濡쒓렇??以?..
  ??濡쒓렇??踰꾪듉 ?대┃ ?꾨즺

[3/5] 釉붾줈洹?湲?곌린 ?섏씠吏濡??대룞 以?..

  ?뱦 ?쒕룄 1/5: https://blog.naver.com/dangeun_health_jinae?Redirect=Write
  ???꾩옱 URL: https://blog.naver.com/dangeun_health_jinae?Redirect=Write&
  ??湲곕낯 ?꾨젅?꾩뿉???먮뵒??寃??以?..
python : Traceback (most recent call last):
위치 줄:1 문자:1
+ python main.py > test_log.txt 2>&1
+ ~~~~~~~~~~~~~~~~~~~~~~~~~~~~~~~~~~
    + CategoryInfo          : NotSpecified: (Traceback (most recent call last)::S 
   tring) [], RemoteException
    + FullyQualifiedErrorId : NativeCommandError
 
  File "C:\Users\user\.gemini\antigravity\playground\shining-equinox\sns auto\main
.py", line 441, in <module>
    title_elem = try_find_editor_in_all_frames(driver)
  File "C:\Users\user\.gemini\antigravity\playground\shining-equinox\sns auto\main
.py", line 358, in try_find_editor_in_all_frames
    elem = find_editor_title(drv, timeout=3)
  File "C:\Users\user\.gemini\antigravity\playground\shining-equinox\sns auto\main
.py", line 341, in find_editor_title
    elem = wait_and_find(drv, sel_by, sel_val, timeout=timeout, clickable=True)
  File "C:\Users\user\.gemini\antigravity\playground\shining-equinox\sns auto\main
.py", line 108, in wait_and_find
    return wait.until(EC.element_to_be_clickable((by, value)))
           ~~~~~~~~~~^^^^^^^^^^^^^^^^^^^^^^^^^^^^^^^^^^^^^^^^^
  File "C:\Users\user\AppData\Local\Programs\Python\Python314\Lib\site-packages\se
lenium\webdriver\support\wait.py", line 112, in until
    value = method(self._driver)
  File "C:\Users\user\AppData\Local\Programs\Python\Python314\Lib\site-packages\se
lenium\webdriver\support\expected_conditions.py", line 514, in _predicate
    target = driver.find_element(*target)  # grab element at locator
  File "C:\Users\user\AppData\Local\Programs\Python\Python314\Lib\site-packages\se
lenium\webdriver\remote\webdriver.py", line 802, in find_element
    return self.execute(Command.FIND_ELEMENT, {"using": by, "value": value})["valu
e"]
           ~~~~~~~~~~~~^^^^^^^^^^^^^^^^^^^^^^^^^^^^^^^^^^^^^^^^^^^^^^^^^^^^^
  File "C:\Users\user\AppData\Local\Programs\Python\Python314\Lib\site-packages\se
lenium\webdriver\remote\webdriver.py", line 432, in execute
    self.error_handler.check_response(response)
    ~~~~~~~~~~~~~~~~~~~~~~~~~~~~~~~~~^^^^^^^^^^
  File "C:\Users\user\AppData\Local\Programs\Python\Python314\Lib\site-packages\se
lenium\webdriver\remote\errorhandler.py", line 232, in check_response
    raise exception_class(message, screen, stacktrace)
selenium.common.exceptions.InvalidSessionIdException: Message: invalid session id:
 session deleted as the browser has closed the connection
from disconnected: not connected to DevTools
  (Session info: chrome=145.0.7632.117); For documentation on this error, please v
isit: https://www.selenium.dev/documentation/webdriver/troubleshooting/errors#inva
lidsessionidexception
Stacktrace:
Symbols not available. Dumping unresolved backtrace:
	0x7ff7fe90aa55
	0x7ff7fe668630
	0x7ff7fe3fd75d
	0x7ff7fe3e8c72
	0x7ff7fe40f015
	0x7ff7fe4890e0
	0x7ff7fe4a5282
	0x7ff7fe449098
	0x7ff7fe449f83
	0x7ff7fe937810
	0x7ff7fe931afd
	0x7ff7fe952c1a
	0x7ff7fe683345
	0x7ff7fe68b81c
	0x7ff7fe671924
	0x7ff7fe671ad6
	0x7ff7fe657e47
	0x7ff80387e8d7
	0x7ff80472c53c

